// Jest Snapshot v1, https://goo.gl/fbAQLP

exports[`Home should match snapshot 1`] = `
<h1>
  Hello there! Pick a category!
</h1>
`;
