// Jest Snapshot v1, https://goo.gl/fbAQLP

exports[`NotFound should match snapshot 1`] = `
<h1>
  We're sorry. The page you're looking for doesn't exist
</h1>
`;
