// Jest Snapshot v1, https://goo.gl/fbAQLP

exports[`App sholud match a snapshot 1`] = `
<main>
  <OpeningCrawl
    hideLanding={[Function]}
  />
</main>
`;

exports[`App should match a snapshot 1`] = `
<main>
  <OpeningCrawl
    hideLanding={[Function]}
  />
</main>
`;
