// Jest Snapshot v1, https://goo.gl/fbAQLP

<<<<<<< HEAD
exports[`OpeningCrawl should match snapshot 1`] = `
<article>
  <Crawl
    subTitle="hello"
    text="long time agosomething"
=======
exports[`OpeningCrawl should match a snapshot 1`] = `
<article>
  <Crawl
    text={NaN}
>>>>>>> more-testing
    title="Episode undefined"
  />
  <button
    className="hide-movie"
    onClick={[Function]}
  >
    Skip Movie Stuff
  </button>
</article>
`;
